{"HostConfigHash":"a60a3b3","CardHash":"7cd5efb","Error":null}