{"HostConfigHash":"a60a3b3","CardHash":"3b7b187","Error":null}