{"HostConfigHash":"ba6a932","CardHash":"7cd5efb","Error":null}