{"HostConfigHash":"ba6a932","CardHash":"3b7b187","Error":null}