{"HostConfigHash":"e67bfb1","CardHash":"3b7b187","Error":null}