{"HostConfigHash":"e67bfb1","CardHash":"7cd5efb","Error":null}