{"HostConfigHash":"0429fa9","CardHash":"3b7b187","Error":null}