{"HostConfigHash":"0429fa9","CardHash":"9d603eb","Error":null}