{"HostConfigHash":"356db29","CardHash":"3b7b187","Error":null}