{"HostConfigHash":"356db29","CardHash":"7cd5efb","Error":null}