{"HostConfigHash":"c55abdf","CardHash":"7cd5efb","Error":null}