{"HostConfigHash":"4307737","CardHash":"7cd5efb","Error":null}