{"HostConfigHash":"4307737","CardHash":"3b7b187","Error":null}