{"HostConfigHash":"c55abdf","CardHash":"3b7b187","Error":null}