{"HostConfigHash":"8451742","CardHash":"3b7b187","Error":null}