{"HostConfigHash":"8451742","CardHash":"7cd5efb","Error":null}