{"HostConfigHash":"d27c6d5","CardHash":"3b7b187","Error":null}