{"HostConfigHash":"d27c6d5","CardHash":"7cd5efb","Error":null}