{"HostConfigHash":"2a972a2","CardHash":"3b7b187","Error":null}