{"HostConfigHash":"bc42010","CardHash":"3b7b187","Error":null}