{"HostConfigHash":"bc42010","CardHash":"7cd5efb","Error":null}