{"HostConfigHash":"2a972a2","CardHash":"7cd5efb","Error":null}